
> frontend@0.1.0 dev:frontend
> node scripts/run-frontend-when-ready.js

[frontend] All backend services are ready. Starting Next.js.
▲ Next.js 16.2.10 (webpack)
- Local:         http://localhost:3000
- Network:       http://192.168.32.1:3000
- Environments: .env.local, .env
✓ Ready in 989ms

○ Compiling / ...
 GET / 200 in 10.0s (next.js: 8.6s, application-code: 1430ms)
 GET / 200 in 286ms (next.js: 21ms, application-code: 265ms)
 GET / 200 in 133ms (next.js: 15ms, application-code: 118ms)
 GET / 200 in 155ms (next.js: 11ms, application-code: 144ms)
 GET / 200 in 108ms (next.js: 11ms, application-code: 97ms)
 GET / 200 in 110ms (next.js: 12ms, application-code: 98ms)
 GET / 500 in 4.4s (next.js: 4.0s, application-code: 329ms)
 GET / 200 in 127ms (next.js: 5ms, application-code: 122ms)
 GET / 200 in 739ms (next.js: 121ms, application-code: 618ms)
 GET / 200 in 56ms (next.js: 4ms, application-code: 52ms)
 GET / 200 in 87ms (next.js: 4ms, application-code: 83ms)
 GET / 200 in 638ms (next.js: 5ms, application-code: 633ms)
 GET /category/6 200 in 3.1s (next.js: 3.0s, application-code: 86ms)
 GET /category/6?subcategory=99 200 in 58ms (next.js: 19ms, application-code: 39ms)
 GET /category/6?subcategory=99 200 in 438ms (next.js: 16ms, application-code: 421ms)
 GET /category/6?subcategory=99 200 in 62ms (next.js: 11ms, application-code: 51ms)
 GET /category/6?subcategory=99 200 in 524ms (next.js: 21ms, application-code: 503ms)
 GET /category/6?subcategory=99 200 in 79ms (next.js: 12ms, application-code: 67ms)
 GET /category/6?subcategory=99 200 in 321ms (next.js: 14ms, application-code: 307ms)
 GET /category/6?subcategory=99 200 in 106ms (next.js: 14ms, application-code: 92ms)
 GET /category/6?subcategory=99 200 in 90ms (next.js: 7ms, application-code: 83ms)
 GET /category/6?subcategory=99 200 in 66ms (next.js: 7ms, application-code: 59ms)
 GET /category/6?subcategory=99 200 in 76ms (next.js: 14ms, application-code: 62ms)
 GET /category/6?subcategory=99 200 in 389ms (next.js: 6ms, application-code: 382ms)
 GET /category/6?subcategory=99 200 in 241ms (next.js: 7ms, application-code: 235ms)
 GET /category/6?subcategory=99 200 in 245ms (next.js: 14ms, application-code: 231ms)
 GET /category/6?subcategory=99 200 in 81ms (next.js: 8ms, application-code: 74ms)
 GET /category/6?subcategory=99 200 in 49ms (next.js: 7ms, application-code: 43ms)
 GET /category/6?subcategory=99 200 in 333ms (next.js: 12ms, application-code: 321ms)
 GET /category/6?subcategory=99 200 in 67ms (next.js: 7ms, application-code: 60ms)
 GET /category/6?subcategory=99 200 in 71ms (next.js: 6ms, application-code: 66ms)
 GET /category/6?subcategory=99 200 in 75ms (next.js: 13ms, application-code: 61ms)
 GET /category/6?subcategory=99 200 in 246ms (next.js: 6ms, application-code: 240ms)
 GET /category/6?subcategory=99 200 in 65ms (next.js: 7ms, application-code: 58ms)
 GET /category/6?subcategory=99 200 in 55ms (next.js: 12ms, application-code: 43ms)
 GET /category/6?subcategory=99 200 in 55ms (next.js: 8ms, application-code: 47ms)
 GET /category/6?subcategory=99 200 in 219ms (next.js: 7ms, application-code: 212ms)
 GET /category/6?subcategory=99 200 in 70ms (next.js: 14ms, application-code: 56ms)
 GET /category/6?subcategory=99 200 in 67ms (next.js: 6ms, application-code: 60ms)
 GET /category/6?subcategory=99 200 in 65ms (next.js: 6ms, application-code: 58ms)
 GET /category/6?subcategory=99 200 in 261ms (next.js: 14ms, application-code: 247ms)
 GET /category/6?subcategory=99 200 in 127ms (next.js: 7ms, application-code: 120ms)
 GET /category/6?subcategory=99 200 in 58ms (next.js: 7ms, application-code: 51ms)
 GET /category/6?subcategory=99 200 in 276ms (next.js: 13ms, application-code: 263ms)
 GET /category/6?subcategory=99 200 in 48ms (next.js: 7ms, application-code: 41ms)
 GET /category/6?subcategory=99 200 in 70ms (next.js: 7ms, application-code: 63ms)
 GET /category/6?subcategory=99 200 in 281ms (next.js: 14ms, application-code: 267ms)
 GET /category/6?subcategory=99 200 in 238ms (next.js: 7ms, application-code: 231ms)
 GET /category/6?subcategory=99 200 in 228ms (next.js: 6ms, application-code: 222ms)
 GET /category/6?subcategory=99 200 in 266ms (next.js: 12ms, application-code: 254ms)
 GET /category/6?subcategory=99 200 in 76ms (next.js: 7ms, application-code: 70ms)
 GET /category/6?subcategory=99 200 in 66ms (next.js: 6ms, application-code: 60ms)
 GET /category/6?subcategory=99 200 in 257ms (next.js: 13ms, application-code: 243ms)
 GET /category/6?subcategory=99 200 in 235ms (next.js: 6ms, application-code: 229ms)
 GET /category/6?subcategory=99 200 in 61ms (next.js: 6ms, application-code: 54ms)
 GET /category/6?subcategory=99 200 in 366ms (next.js: 13ms, application-code: 353ms)
 GET /category/6?subcategory=99 200 in 79ms (next.js: 6ms, application-code: 73ms)
 GET /category/6?subcategory=99 200 in 63ms (next.js: 6ms, application-code: 56ms)
 GET /category/6?subcategory=99 200 in 265ms (next.js: 17ms, application-code: 248ms)
 GET /category/6?subcategory=99 200 in 76ms (next.js: 6ms, application-code: 71ms)
 GET /category/6?subcategory=99 200 in 58ms (next.js: 6ms, application-code: 52ms)
 GET /category/6?subcategory=99 200 in 376ms (next.js: 14ms, application-code: 362ms)
 GET /category/6?subcategory=99 200 in 85ms (next.js: 8ms, application-code: 77ms)
 GET /category/6?subcategory=99 200 in 61ms (next.js: 7ms, application-code: 54ms)
 GET /category/6?subcategory=99 200 in 222ms (next.js: 13ms, application-code: 209ms)
 GET /category/6?subcategory=99 200 in 276ms (next.js: 8ms, application-code: 268ms)
 GET /category/6?subcategory=99 200 in 114ms (next.js: 7ms, application-code: 107ms)
 GET /category/6?subcategory=99 200 in 86ms (next.js: 15ms, application-code: 71ms)
 GET /category/6?subcategory=99 200 in 227ms (next.js: 7ms, application-code: 220ms)
 GET /category/6?subcategory=99 200 in 230ms (next.js: 6ms, application-code: 223ms)
 GET /category/6?subcategory=99 200 in 84ms (next.js: 14ms, application-code: 70ms)
 GET /category/6?subcategory=99 200 in 120ms (next.js: 7ms, application-code: 113ms)
 GET /category/6?subcategory=99 200 in 83ms (next.js: 8ms, application-code: 75ms)
 GET /category/6?subcategory=99 200 in 93ms (next.js: 15ms, application-code: 78ms)
 GET /category/6?subcategory=99 200 in 52ms (next.js: 7ms, application-code: 45ms)
 GET /category/6?subcategory=99 200 in 60ms (next.js: 6ms, application-code: 54ms)
 GET /category/6?subcategory=99 200 in 269ms (next.js: 13ms, application-code: 256ms)
 GET /category/6?subcategory=99 200 in 251ms (next.js: 7ms, application-code: 245ms)
 GET /category/6?subcategory=99 200 in 44ms (next.js: 6ms, application-code: 38ms)
 GET /category/6?subcategory=99 200 in 347ms (next.js: 13ms, application-code: 334ms)
 GET /category/6?subcategory=99 200 in 251ms (next.js: 7ms, application-code: 244ms)
 GET /category/6?subcategory=99 200 in 239ms (next.js: 7ms, application-code: 232ms)
 GET /category/6?subcategory=99 200 in 87ms (next.js: 16ms, application-code: 71ms)
 GET /category/6?subcategory=99 200 in 428ms (next.js: 7ms, application-code: 421ms)
 GET /category/6?subcategory=99 200 in 338ms (next.js: 8ms, application-code: 330ms)
 GET /category/6?subcategory=99 200 in 84ms (next.js: 17ms, application-code: 67ms)
 GET /category/6?subcategory=99 200 in 306ms (next.js: 7ms, application-code: 298ms)
 GET /category/6?subcategory=99 200 in 266ms (next.js: 6ms, application-code: 260ms)
 GET /category/6?subcategory=99 200 in 84ms (next.js: 12ms, application-code: 72ms)
 GET /category/6?subcategory=99 200 in 243ms (next.js: 6ms, application-code: 237ms)
 GET /category/6?subcategory=99 200 in 327ms (next.js: 7ms, application-code: 321ms)
 GET /category/6?subcategory=99 200 in 333ms (next.js: 22ms, application-code: 310ms)
 GET /category/6?subcategory=99 200 in 67ms (next.js: 8ms, application-code: 59ms)
 GET /category/6?subcategory=99 200 in 229ms (next.js: 7ms, application-code: 222ms)
 GET /category/6?subcategory=99 200 in 235ms (next.js: 14ms, application-code: 220ms)
 GET /category/6?subcategory=99 200 in 111ms (next.js: 9ms, application-code: 102ms)
 GET /category/6?subcategory=99 200 in 63ms (next.js: 5ms, application-code: 57ms)
 GET /category/6?subcategory=99 200 in 46ms (next.js: 12ms, application-code: 34ms)
 GET /category/6?subcategory=99 200 in 63ms (next.js: 7ms, application-code: 56ms)
 GET /category/6?subcategory=99 200 in 81ms (next.js: 6ms, application-code: 75ms)
 GET /category/6?subcategory=99 200 in 236ms (next.js: 13ms, application-code: 223ms)
 GET /category/6?subcategory=99 200 in 228ms (next.js: 7ms, application-code: 222ms)
 GET /category/6?subcategory=99 200 in 229ms (next.js: 6ms, application-code: 222ms)
 GET /category/6?subcategory=99 200 in 71ms (next.js: 14ms, application-code: 57ms)
 GET /category/6?subcategory=99 200 in 70ms (next.js: 6ms, application-code: 64ms)
 GET /category/6?subcategory=99 200 in 59ms (next.js: 7ms, application-code: 53ms)
 GET /category/6?subcategory=99 200 in 81ms (next.js: 16ms, application-code: 65ms)
 GET /category/6?subcategory=99 200 in 256ms (next.js: 6ms, application-code: 251ms)
 GET /category/6?subcategory=99 200 in 282ms (next.js: 7ms, application-code: 275ms)
 GET /category/6?subcategory=99 200 in 82ms (next.js: 15ms, application-code: 66ms)
 GET /category/6?subcategory=99 200 in 85ms (next.js: 7ms, application-code: 78ms)
 GET /category/6?subcategory=99 200 in 300ms (next.js: 8ms, application-code: 292ms)
 GET /category/6?subcategory=99 200 in 316ms (next.js: 16ms, application-code: 299ms)
 GET /category/6?subcategory=99 200 in 93ms (next.js: 7ms, application-code: 86ms)
 GET /category/6?subcategory=99 200 in 120ms (next.js: 8ms, application-code: 112ms)
 GET /category/6?subcategory=99 200 in 127ms (next.js: 20ms, application-code: 107ms)
 GET /category/6?subcategory=99 200 in 268ms (next.js: 7ms, application-code: 262ms)
 GET /category/6?subcategory=99 200 in 301ms (next.js: 6ms, application-code: 295ms)
 GET /category/6?subcategory=99 200 in 88ms (next.js: 16ms, application-code: 72ms)
 GET /category/6?subcategory=99 200 in 272ms (next.js: 7ms, application-code: 265ms)
 GET /category/6?subcategory=99 200 in 309ms (next.js: 6ms, application-code: 302ms)
 GET /category/6?subcategory=99 200 in 274ms (next.js: 16ms, application-code: 259ms)
 GET /category/6?subcategory=99 200 in 284ms (next.js: 6ms, application-code: 278ms)
 GET /category/6?subcategory=99 200 in 111ms (next.js: 8ms, application-code: 103ms)
 GET /category/6?subcategory=99 200 in 498ms (next.js: 62ms, application-code: 436ms)
 GET /category/6?subcategory=99 200 in 351ms (next.js: 10ms, application-code: 341ms)
 GET /category/6?subcategory=99 200 in 88ms (next.js: 8ms, application-code: 80ms)
 GET /category/6?subcategory=99 200 in 339ms (next.js: 19ms, application-code: 320ms)
 GET /category/6?subcategory=99 200 in 86ms (next.js: 7ms, application-code: 79ms)
 GET /category/6?subcategory=99 200 in 73ms (next.js: 7ms, application-code: 66ms)
 GET /category/6?subcategory=99 200 in 304ms (next.js: 20ms, application-code: 284ms)
 GET /category/6?subcategory=99 200 in 88ms (next.js: 7ms, application-code: 81ms)
 GET /category/6?subcategory=99 200 in 68ms (next.js: 7ms, application-code: 60ms)
 GET /category/6?subcategory=99 200 in 86ms (next.js: 15ms, application-code: 71ms)
 GET /category/6?subcategory=99 200 in 90ms (next.js: 8ms, application-code: 82ms)
 GET /category/6?subcategory=99 200 in 556ms (next.js: 215ms, application-code: 341ms)
 GET /category/6?subcategory=99 200 in 382ms (next.js: 9ms, application-code: 374ms)
 GET /category/6?subcategory=99 200 in 116ms (next.js: 9ms, application-code: 107ms)
 GET /category/6?subcategory=99 200 in 356ms (next.js: 15ms, application-code: 341ms)
 GET /category/6?subcategory=99 200 in 432ms (next.js: 9ms, application-code: 423ms)
 GET /category/6?subcategory=99 200 in 327ms (next.js: 9ms, application-code: 318ms)
 GET /category/6?subcategory=99 200 in 370ms (next.js: 18ms, application-code: 352ms)
 GET /category/6?subcategory=99 200 in 103ms (next.js: 9ms, application-code: 94ms)
 GET /category/6?subcategory=99 200 in 355ms (next.js: 10ms, application-code: 344ms)
 GET /category/6?subcategory=99 200 in 139ms (next.js: 23ms, application-code: 116ms)
 GET /category/6?subcategory=99 200 in 334ms (next.js: 8ms, application-code: 325ms)
 GET /category/6?subcategory=99 200 in 786ms (next.js: 12ms, application-code: 774ms)
 GET /category/6?subcategory=99 200 in 435ms (next.js: 28ms, application-code: 407ms)
 GET /category/6?subcategory=99 200 in 522ms (next.js: 10ms, application-code: 512ms)
 GET /category/6?subcategory=99 200 in 544ms (next.js: 11ms, application-code: 533ms)
 GET /category/6?subcategory=99 200 in 209ms (next.js: 21ms, application-code: 188ms)
 GET /category/6?subcategory=99 200 in 414ms (next.js: 10ms, application-code: 404ms)
 GET /category/6?subcategory=99 200 in 410ms (next.js: 12ms, application-code: 399ms)
 GET /category/6?subcategory=99 200 in 470ms (next.js: 10ms, application-code: 460ms)
 GET /category/6?subcategory=99 200 in 549ms (next.js: 28ms, application-code: 521ms)
 GET /category/6?subcategory=99 200 in 203ms (next.js: 15ms, application-code: 187ms)
 GET /category/6?subcategory=99 200 in 407ms (next.js: 10ms, application-code: 397ms)
 GET /category/6?subcategory=99 200 in 460ms (next.js: 28ms, application-code: 432ms)
 GET /category/6?subcategory=99 200 in 129ms (next.js: 11ms, application-code: 119ms)
 GET /category/6?subcategory=99 200 in 389ms (next.js: 10ms, application-code: 379ms)
 GET /category/6?subcategory=99 200 in 438ms (next.js: 24ms, application-code: 414ms)
 GET /category/6?subcategory=99 200 in 143ms (next.js: 12ms, application-code: 132ms)
 GET /category/6?subcategory=99 200 in 402ms (next.js: 9ms, application-code: 392ms)
 GET /category/6?subcategory=99 200 in 521ms (next.js: 27ms, application-code: 494ms)
 GET /category/6?subcategory=99 200 in 148ms (next.js: 10ms, application-code: 138ms)
 GET /category/6?subcategory=99 200 in 452ms (next.js: 11ms, application-code: 441ms)
 GET /category/6?subcategory=99 200 in 466ms (next.js: 23ms, application-code: 442ms)
 GET /category/6?subcategory=99 200 in 330ms (next.js: 9ms, application-code: 321ms)
 GET /category/6?subcategory=99 200 in 84ms (next.js: 7ms, application-code: 76ms)
 GET /category/6?subcategory=99 200 in 318ms (next.js: 18ms, application-code: 300ms)
 GET /category/6?subcategory=99 200 in 392ms (next.js: 8ms, application-code: 384ms)
 GET /category/6?subcategory=99 200 in 614ms (next.js: 12ms, application-code: 603ms)
 GET /category/6?subcategory=99 200 in 836ms (next.js: 32ms, application-code: 804ms)
 GET /category/6?subcategory=99 200 in 314ms (next.js: 9ms, application-code: 304ms)
 GET /category/6?subcategory=99 200 in 305ms (next.js: 7ms, application-code: 299ms)
 GET /category/6?subcategory=99 200 in 58ms (next.js: 14ms, application-code: 44ms)
 GET /category/6?subcategory=99 200 in 68ms (next.js: 6ms, application-code: 61ms)
 GET /category/6?subcategory=99 200 in 275ms (next.js: 8ms, application-code: 267ms)
 GET /category/6?subcategory=99 200 in 264ms (next.js: 14ms, application-code: 250ms)
 GET /category/6?subcategory=99 200 in 68ms (next.js: 7ms, application-code: 61ms)
 GET /category/6?subcategory=99 200 in 278ms (next.js: 8ms, application-code: 270ms)
 GET /category/6?subcategory=99 200 in 93ms (next.js: 15ms, application-code: 79ms)
 GET /category/6?subcategory=99 200 in 73ms (next.js: 6ms, application-code: 67ms)
 GET /category/6?subcategory=99 200 in 291ms (next.js: 7ms, application-code: 285ms)
 GET /category/6?subcategory=99 200 in 102ms (next.js: 14ms, application-code: 89ms)
 GET /category/6?subcategory=99 200 in 77ms (next.js: 7ms, application-code: 70ms)
 GET /category/6?subcategory=99 200 in 73ms (next.js: 7ms, application-code: 66ms)
 GET /category/6?subcategory=99 200 in 72ms (next.js: 14ms, application-code: 58ms)
 GET /category/6?subcategory=99 200 in 107ms (next.js: 8ms, application-code: 99ms)
 GET /category/6?subcategory=99 200 in 82ms (next.js: 6ms, application-code: 75ms)
 GET /category/6?subcategory=99 200 in 80ms (next.js: 15ms, application-code: 65ms)
 GET /category/6?subcategory=99 200 in 73ms (next.js: 6ms, application-code: 67ms)
 GET /category/6?subcategory=99 200 in 79ms (next.js: 6ms, application-code: 72ms)
 GET /category/6?subcategory=99 200 in 80ms (next.js: 14ms, application-code: 66ms)
 GET /category/6?subcategory=99 200 in 72ms (next.js: 7ms, application-code: 65ms)
 GET /category/6?subcategory=99 200 in 97ms (next.js: 7ms, application-code: 90ms)
 GET /category/6?subcategory=99 200 in 104ms (next.js: 19ms, application-code: 85ms)
 GET /category/6?subcategory=99 200 in 93ms (next.js: 7ms, application-code: 87ms)
 GET /category/6?subcategory=99 200 in 69ms (next.js: 6ms, application-code: 62ms)
 GET /category/6?subcategory=99 200 in 271ms (next.js: 16ms, application-code: 255ms)
 GET /category/6?subcategory=99 200 in 264ms (next.js: 6ms, application-code: 258ms)
 GET /category/6?subcategory=99 200 in 58ms (next.js: 6ms, application-code: 52ms)
 GET /category/6?subcategory=99 200 in 100ms (next.js: 15ms, application-code: 85ms)
 GET /category/6?subcategory=99 200 in 260ms (next.js: 7ms, application-code: 253ms)
 GET /category/6?subcategory=99 200 in 68ms (next.js: 7ms, application-code: 61ms)
 GET /category/6?subcategory=99 200 in 57ms (next.js: 16ms, application-code: 41ms)
 GET /category/6?subcategory=99 200 in 121ms (next.js: 7ms, application-code: 114ms)
 GET /category/6?subcategory=99 200 in 79ms (next.js: 7ms, application-code: 72ms)
 GET /category/6?subcategory=99 200 in 145ms (next.js: 23ms, application-code: 122ms)
 GET /category/6?subcategory=99 200 in 530ms (next.js: 14ms, application-code: 516ms)
 GET /category/6?subcategory=99 200 in 225ms (next.js: 10ms, application-code: 215ms)
 GET /category/6?subcategory=99 200 in 480ms (next.js: 27ms, application-code: 453ms)
 GET /category/6?subcategory=99 200 in 607ms (next.js: 13ms, application-code: 594ms)
 GET /category/6?subcategory=99 200 in 1133ms (next.js: 10ms, application-code: 1124ms)
 GET /category/6?subcategory=99 200 in 1094ms (next.js: 10ms, application-code: 1084ms)
 GET /category/6?subcategory=99 200 in 74ms (next.js: 16ms, application-code: 58ms)
 GET /category/6?subcategory=99 200 in 80ms (next.js: 14ms, application-code: 66ms)
 GET /category/6?subcategory=99 200 in 118ms (next.js: 10ms, application-code: 108ms)
 GET /category/6?subcategory=99 200 in 95ms (next.js: 8ms, application-code: 86ms)
 GET /category/6?subcategory=99 200 in 349ms (next.js: 21ms, application-code: 328ms)
 GET /category/6?subcategory=99 200 in 64ms (next.js: 7ms, application-code: 58ms)
 GET /category/6?subcategory=99 200 in 92ms (next.js: 7ms, application-code: 85ms)
 GET /category/6?subcategory=99 200 in 97ms (next.js: 16ms, application-code: 81ms)
 GET /category/6?subcategory=99 200 in 342ms (next.js: 7ms, application-code: 335ms)
 GET /category/6?subcategory=99 200 in 216ms (next.js: 7ms, application-code: 208ms)
 GET /category/6?subcategory=99 200 in 68ms (next.js: 14ms, application-code: 54ms)
 GET /category/6?subcategory=99 200 in 234ms (next.js: 7ms, application-code: 227ms)
 GET /category/6?subcategory=99 200 in 132ms (next.js: 9ms, application-code: 123ms)
 GET /category/6?subcategory=99 200 in 76ms (next.js: 14ms, application-code: 62ms)
 GET /category/6?subcategory=99 200 in 250ms (next.js: 7ms, application-code: 243ms)
 GET /category/6?subcategory=99 200 in 86ms (next.js: 6ms, application-code: 80ms)
 GET /category/6?subcategory=99 200 in 51ms (next.js: 14ms, application-code: 37ms)
 GET /category/6?subcategory=99 200 in 296ms (next.js: 9ms, application-code: 288ms)
 GET /category/6?subcategory=99 200 in 317ms (next.js: 8ms, application-code: 309ms)
 GET /category/6?subcategory=99 200 in 83ms (next.js: 16ms, application-code: 67ms)
 GET /category/6?subcategory=99 200 in 397ms (next.js: 9ms, application-code: 388ms)
 GET /category/6?subcategory=99 200 in 239ms (next.js: 7ms, application-code: 232ms)
 GET /category/6?subcategory=99 200 in 73ms (next.js: 13ms, application-code: 60ms)
 GET /category/6?subcategory=99 200 in 371ms (next.js: 8ms, application-code: 363ms)
 GET /category/6?subcategory=99 200 in 283ms (next.js: 5ms, application-code: 277ms)
 GET /category/6?subcategory=99 200 in 248ms (next.js: 14ms, application-code: 234ms)
 GET /category/6?subcategory=99 200 in 323ms (next.js: 8ms, application-code: 315ms)
 GET /category/6?subcategory=99 200 in 76ms (next.js: 6ms, application-code: 70ms)
 GET /category/6?subcategory=99 200 in 70ms (next.js: 13ms, application-code: 58ms)
 GET /category/6?subcategory=99 200 in 268ms (next.js: 7ms, application-code: 261ms)
 GET /category/6?subcategory=99 200 in 76ms (next.js: 7ms, application-code: 69ms)
 GET /category/6?subcategory=99 200 in 90ms (next.js: 17ms, application-code: 73ms)
 GET /category/6?subcategory=99 200 in 115ms (next.js: 11ms, application-code: 104ms)
 GET /category/6?subcategory=99 200 in 94ms (next.js: 9ms, application-code: 85ms)
 GET /category/6?subcategory=99 200 in 86ms (next.js: 9ms, application-code: 76ms)
 GET /category/6?subcategory=99 200 in 79ms (next.js: 15ms, application-code: 64ms)
 GET /category/6?subcategory=99 200 in 59ms (next.js: 8ms, application-code: 51ms)
 GET /category/6?subcategory=99 200 in 292ms (next.js: 7ms, application-code: 285ms)
 GET /category/6?subcategory=99 200 in 85ms (next.js: 15ms, application-code: 69ms)
 GET /category/6?subcategory=99 200 in 305ms (next.js: 7ms, application-code: 298ms)
 GET /category/6?subcategory=99 200 in 91ms (next.js: 9ms, application-code: 82ms)
 GET /category/6?subcategory=99 200 in 105ms (next.js: 16ms, application-code: 88ms)
 GET /category/6?subcategory=99 200 in 87ms (next.js: 8ms, application-code: 80ms)
 GET /category/6?subcategory=99 200 in 292ms (next.js: 8ms, application-code: 284ms)
 GET /category/6?subcategory=99 200 in 288ms (next.js: 18ms, application-code: 270ms)
 GET /category/6?subcategory=99 200 in 277ms (next.js: 7ms, application-code: 270ms)
 GET /category/6?subcategory=99 200 in 305ms (next.js: 6ms, application-code: 299ms)
 GET /category/6?subcategory=99 200 in 281ms (next.js: 16ms, application-code: 266ms)
 GET /category/6?subcategory=99 200 in 82ms (next.js: 7ms, application-code: 75ms)
 GET /category/6?subcategory=99 200 in 109ms (next.js: 9ms, application-code: 101ms)
 GET /category/6?subcategory=99 200 in 96ms (next.js: 16ms, application-code: 81ms)
 GET /category/6?subcategory=99 200 in 85ms (next.js: 9ms, application-code: 76ms)
 GET /category/6?subcategory=99 200 in 425ms (next.js: 9ms, application-code: 416ms)
 GET /category/6?subcategory=99 200 in 78ms (next.js: 16ms, application-code: 62ms)
 GET /category/6?subcategory=99 200 in 275ms (next.js: 7ms, application-code: 268ms)
 GET /category/6?subcategory=99 200 in 84ms (next.js: 6ms, application-code: 78ms)
 GET /category/6?subcategory=99 200 in 89ms (next.js: 16ms, application-code: 74ms)
 GET /category/6?subcategory=99 200 in 258ms (next.js: 6ms, application-code: 252ms)
 GET /category/6?subcategory=99 200 in 79ms (next.js: 7ms, application-code: 72ms)
 GET /category/6?subcategory=99 200 in 123ms (next.js: 17ms, application-code: 106ms)
 GET /category/6?subcategory=99 200 in 280ms (next.js: 6ms, application-code: 274ms)
 GET /category/6?subcategory=99 200 in 72ms (next.js: 7ms, application-code: 66ms)
 GET /category/6?subcategory=99 200 in 82ms (next.js: 15ms, application-code: 67ms)
 GET /category/6?subcategory=99 200 in 302ms (next.js: 23ms, application-code: 279ms)
 GET /category/6?subcategory=99 200 in 291ms (next.js: 8ms, application-code: 284ms)
 GET /category/6?subcategory=99 200 in 87ms (next.js: 17ms, application-code: 69ms)
 GET /category/6?subcategory=99 200 in 381ms (next.js: 7ms, application-code: 374ms)
 GET /category/6?subcategory=99 200 in 440ms (next.js: 13ms, application-code: 426ms)
 GET /category/6?subcategory=99 200 in 422ms (next.js: 23ms, application-code: 399ms)
 GET /category/6?subcategory=99 200 in 93ms (next.js: 10ms, application-code: 83ms)
 GET /category/6?subcategory=99 200 in 72ms (next.js: 8ms, application-code: 64ms)
 GET /category/6?subcategory=99 200 in 111ms (next.js: 19ms, application-code: 93ms)
 GET /category/6?subcategory=99 200 in 82ms (next.js: 8ms, application-code: 74ms)
 GET /category/6?subcategory=99 200 in 271ms (next.js: 7ms, application-code: 263ms)
 GET /category/6?subcategory=99 200 in 272ms (next.js: 20ms, application-code: 252ms)
 GET /category/6?subcategory=99 200 in 285ms (next.js: 6ms, application-code: 279ms)
 GET /category/6?subcategory=99 200 in 75ms (next.js: 7ms, application-code: 67ms)
 GET /category/6?subcategory=99 200 in 324ms (next.js: 19ms, application-code: 305ms)
 GET /category/6?subcategory=99 200 in 115ms (next.js: 9ms, application-code: 106ms)
 GET /category/6?subcategory=99 200 in 119ms (next.js: 12ms, application-code: 106ms)
 GET /category/6?subcategory=99 200 in 113ms (next.js: 10ms, application-code: 103ms)
 GET /category/6?subcategory=99 200 in 170ms (next.js: 29ms, application-code: 141ms)
 GET /category/6?subcategory=99 200 in 816ms (next.js: 12ms, application-code: 804ms)
 GET /category/6?subcategory=99 200 in 634ms (next.js: 17ms, application-code: 617ms)
 GET / 200 in 226ms (next.js: 52ms, application-code: 175ms)
 GET / 200 in 338ms (next.js: 12ms, application-code: 326ms)
 GET / 200 in 118ms (next.js: 10ms, application-code: 107ms)
 GET / 200 in 231ms (next.js: 14ms, application-code: 217ms)
 GET / 200 in 115ms (next.js: 10ms, application-code: 105ms)
 GET / 200 in 80ms (next.js: 9ms, application-code: 72ms)
 GET / 200 in 85ms (next.js: 8ms, application-code: 77ms)
 GET / 200 in 216ms (next.js: 8ms, application-code: 208ms)
 GET / 200 in 81ms (next.js: 13ms, application-code: 68ms)
 GET / 200 in 253ms (next.js: 5ms, application-code: 248ms)
 GET / 200 in 146ms (next.js: 11ms, application-code: 134ms)
 GET /login 200 in 2.7s (next.js: 2.3s, proxy.ts: 220ms, application-code: 153ms)
 GET /login 200 in 252ms (next.js: 9ms, proxy.ts: 21ms, application-code: 222ms)
 GET / 200 in 434ms (next.js: 32ms, application-code: 403ms)
 GET / 200 in 334ms (next.js: 5ms, application-code: 329ms)
 GET / 200 in 65ms (next.js: 8ms, application-code: 58ms)
 GET /login 200 in 358ms (next.js: 13ms, proxy.ts: 17ms, application-code: 327ms)
 GET /login 200 in 69ms (next.js: 10ms, proxy.ts: 13ms, application-code: 46ms)
 GET /register 200 in 1991ms (next.js: 1921ms, proxy.ts: 7ms, application-code: 63ms)
 GET /register 200 in 57ms (next.js: 8ms, proxy.ts: 17ms, application-code: 32ms)
 GET /register 200 in 140ms (next.js: 7ms, proxy.ts: 10ms, application-code: 123ms)
 GET /register 200 in 115ms (next.js: 7ms, proxy.ts: 11ms, application-code: 97ms)
 GET /register 200 in 59ms (next.js: 7ms, proxy.ts: 17ms, application-code: 34ms)
 GET / 200 in 67ms (next.js: 30ms, application-code: 37ms)
 GET /cart 200 in 2.7s (next.js: 2.6s, application-code: 75ms)
 GET /cart 200 in 62ms (next.js: 7ms, application-code: 54ms)
 GET /cart 200 in 167ms (next.js: 6ms, application-code: 161ms)
 GET /cart 200 in 107ms (next.js: 8ms, application-code: 99ms)
 GET /cart 200 in 50ms (next.js: 4ms, application-code: 46ms)
 GET /checkout 200 in 2.9s (next.js: 2.8s, proxy.ts: 16ms, application-code: 79ms)
 GET /checkout 200 in 50ms (next.js: 8ms, proxy.ts: 13ms, application-code: 29ms)
 GET /checkout 200 in 89ms (next.js: 6ms, proxy.ts: 10ms, application-code: 73ms)
 GET /checkout 200 in 173ms (next.js: 12ms, proxy.ts: 15ms, application-code: 147ms)
 GET /checkout 200 in 193ms (next.js: 15ms, proxy.ts: 18ms, application-code: 160ms)
 GET /checkout 200 in 109ms (next.js: 51ms, proxy.ts: 13ms, application-code: 45ms)
 GET /checkout 200 in 111ms (next.js: 6ms, proxy.ts: 13ms, application-code: 91ms)
 GET /checkout 200 in 328ms (next.js: 6ms, proxy.ts: 14ms, application-code: 308ms)
 GET /checkout 200 in 132ms (next.js: 10ms, proxy.ts: 63ms, application-code: 59ms)
 GET /checkout 200 in 385ms (next.js: 12ms, proxy.ts: 19ms, application-code: 354ms)
 GET /checkout 200 in 70ms (next.js: 11ms, proxy.ts: 12ms, application-code: 47ms)
 GET /checkout 200 in 97ms (next.js: 12ms, proxy.ts: 13ms, application-code: 72ms)
[?25h
